// Jest Snapshot v1, https://goo.gl/fbAQLP

exports[`renders correctly 1`] = `
[
  <h1>
    I'm groot
  </h1>,
  <input
    onChange={[Function]}
    type="text"
  />,
  <button>
    Click me 
  </button>,
]
`;
